Release 14.7 - xst P.20131013 (nt64)
Copyright (c) 1995-2013 Xilinx, Inc.  All rights reserved.
--> Parameter TMPDIR set to xst/projnav.tmp


Total REAL time to Xst completion: 1.00 secs
Total CPU time to Xst completion: 0.22 secs
 
--> Parameter xsthdpdir set to xst


Total REAL time to Xst completion: 1.00 secs
Total CPU time to Xst completion: 0.22 secs
 
--> Reading design: BlockChecker.prj

TABLE OF CONTENTS
  1) Synthesis Options Summary
  2) HDL Compilation
  3) Design Hierarchy Analysis
  4) HDL Analysis
  5) HDL Synthesis
     5.1) HDL Synthesis Report
  6) Advanced HDL Synthesis
     6.1) Advanced HDL Synthesis Report
  7) Low Level Synthesis
  8) Partition Report
  9) Final Report
	9.1) Device utilization summary
	9.2) Partition Resource Summary
	9.3) TIMING REPORT


=========================================================================
*                      Synthesis Options Summary                        *
=========================================================================
---- Source Parameters
Input File Name                    : "BlockChecker.prj"
Input Format                       : mixed
Ignore Synthesis Constraint File   : NO

---- Target Parameters
Output File Name                   : "BlockChecker"
Output Format                      : NGC
Target Device                      : xa3s50-4-vqg100

---- Source Options
Top Module Name                    : BlockChecker
Automatic FSM Extraction           : YES
FSM Encoding Algorithm             : Auto
Safe Implementation                : No
FSM Style                          : LUT
RAM Extraction                     : Yes
RAM Style                          : Auto
ROM Extraction                     : Yes
Mux Style                          : Auto
Decoder Extraction                 : YES
Priority Encoder Extraction        : Yes
Shift Register Extraction          : YES
Logical Shifter Extraction         : YES
XOR Collapsing                     : YES
ROM Style                          : Auto
Mux Extraction                     : Yes
Resource Sharing                   : YES
Asynchronous To Synchronous        : NO
Multiplier Style                   : Auto
Automatic Register Balancing       : No

---- Target Options
Add IO Buffers                     : YES
Global Maximum Fanout              : 100000
Add Generic Clock Buffer(BUFG)     : 8
Register Duplication               : YES
Slice Packing                      : YES
Optimize Instantiated Primitives   : NO
Use Clock Enable                   : Yes
Use Synchronous Set                : Yes
Use Synchronous Reset              : Yes
Pack IO Registers into IOBs        : Auto
Equivalent register Removal        : YES

---- General Options
Optimization Goal                  : Speed
Optimization Effort                : 1
Keep Hierarchy                     : No
Netlist Hierarchy                  : As_Optimized
RTL Output                         : Yes
Global Optimization                : AllClockNets
Read Cores                         : YES
Write Timing Constraints           : NO
Cross Clock Analysis               : NO
Hierarchy Separator                : /
Bus Delimiter                      : <>
Case Specifier                     : Maintain
Slice Utilization Ratio            : 100
BRAM Utilization Ratio             : 100
Verilog 2001                       : YES
Auto BRAM Packing                  : NO
Slice Utilization Ratio Delta      : 5

=========================================================================


=========================================================================
*                          HDL Compilation                              *
=========================================================================
Compiling verilog file "BlockChecker.v" in library work
Module <BlockChecker> compiled
No errors in compilation
Analysis of file <"BlockChecker.prj"> succeeded.
 

=========================================================================
*                     Design Hierarchy Analysis                         *
=========================================================================
Analyzing hierarchy for module <BlockChecker> in library <work>.


=========================================================================
*                            HDL Analysis                               *
=========================================================================
Analyzing top module <BlockChecker>.
Module <BlockChecker> is correct for synthesis.
 

=========================================================================
*                           HDL Synthesis                               *
=========================================================================

Performing bidirectional port resolution...
INFO:Xst:2679 - Register <result> in unit <BlockChecker> has a constant value of 1 during circuit operation. The register is replaced by logic.
INFO:Xst:2679 - Register <status> in unit <BlockChecker> has a constant value of 00000 during circuit operation. The register is replaced by logic.
INFO:Xst:2679 - Register <stack> in unit <BlockChecker> has a constant value of 0000000000000000 during circuit operation. The register is replaced by logic.

Synthesizing Unit <BlockChecker>.
    Related source file is "BlockChecker.v".
    Found 5-bit register for signal <out>.
    Found 1-bit register for signal <result>.
    Found 16-bit register for signal <stack>.
    Found 16-bit addsub for signal <stack$share0000>.
    Found 5-bit register for signal <status>.
    Summary:
	inferred  27 D-type flip-flop(s).
	inferred   1 Adder/Subtractor(s).
Unit <BlockChecker> synthesized.

INFO:Xst:1767 - HDL ADVISOR - Resource sharing has identified that some arithmetic operations in this design can share the same physical resources for reduced device utilization. For improved clock frequency you may try to disable resource sharing.

=========================================================================
HDL Synthesis Report

Macro Statistics
# Adders/Subtractors                                   : 1
 16-bit addsub                                         : 1
# Registers                                            : 4
 1-bit register                                        : 1
 16-bit register                                       : 1
 5-bit register                                        : 2

=========================================================================

=========================================================================
*                       Advanced HDL Synthesis                          *
=========================================================================

WARNING:Xst:1710 - FF/Latch <status_4> (without init value) has a constant value of 1 in block <BlockChecker>. This FF/Latch will be trimmed during the optimization process.

=========================================================================
Advanced HDL Synthesis Report

Macro Statistics
# Adders/Subtractors                                   : 1
 16-bit addsub                                         : 1
# Registers                                            : 27
 Flip-Flops                                            : 27

=========================================================================

=========================================================================
*                         Low Level Synthesis                           *
=========================================================================
WARNING:Xst:1710 - FF/Latch <status_4> (without init value) has a constant value of 1 in block <BlockChecker>. This FF/Latch will be trimmed during the optimization process.

ERROR:Xst:528 - Multi-source in Unit <BlockChecker> on signal <result>; this signal is connected to multiple drivers.
Drivers are: 
   Output signal of FD instance <result>
   Signal <result> in Unit <BlockChecker> is assigned to VCC

ERROR:Xst:528 - Multi-source in Unit <BlockChecker> on signal <N1>; this signal is connected to multiple drivers.
Drivers are: 
   Signal <status<4>> in Unit <BlockChecker> is assigned to GND
   Signal <N1> in Unit <BlockChecker> is assigned to VCC

ERROR:Xst:528 - Multi-source in Unit <BlockChecker> on signal <status<3>>; this signal is connected to multiple drivers.
Drivers are: 
   Output signal of FD instance <status_3>
   Signal <status<3>> in Unit <BlockChecker> is assigned to GND

ERROR:Xst:528 - Multi-source in Unit <BlockChecker> on signal <status<2>>; this signal is connected to multiple drivers.
Drivers are: 
   Output signal of FD instance <status_2>
   Signal <status<2>> in Unit <BlockChecker> is assigned to GND

ERROR:Xst:528 - Multi-source in Unit <BlockChecker> on signal <status<1>>; this signal is connected to multiple drivers.
Drivers are: 
   Output signal of FD instance <status_1>
   Signal <status<1>> in Unit <BlockChecker> is assigned to GND

ERROR:Xst:528 - Multi-source in Unit <BlockChecker> on signal <status<0>>; this signal is connected to multiple drivers.
Drivers are: 
   Output signal of FD instance <status_0>
   Signal <status<0>> in Unit <BlockChecker> is assigned to GND

ERROR:Xst:528 - Multi-source in Unit <BlockChecker> on signal <stack<15>>; this signal is connected to multiple drivers.
Drivers are: 
   Output signal of FD instance <stack_15>
   Signal <stack<15>> in Unit <BlockChecker> is assigned to GND

ERROR:Xst:528 - Multi-source in Unit <BlockChecker> on signal <stack<14>>; this signal is connected to multiple drivers.
Drivers are: 
   Output signal of FD instance <stack_14>
   Signal <stack<14>> in Unit <BlockChecker> is assigned to GND

ERROR:Xst:528 - Multi-source in Unit <BlockChecker> on signal <stack<13>>; this signal is connected to multiple drivers.
Drivers are: 
   Output signal of FD instance <stack_13>
   Signal <stack<13>> in Unit <BlockChecker> is assigned to GND

ERROR:Xst:528 - Multi-source in Unit <BlockChecker> on signal <stack<12>>; this signal is connected to multiple drivers.
Drivers are: 
   Output signal of FD instance <stack_12>
   Signal <stack<12>> in Unit <BlockChecker> is assigned to GND

ERROR:Xst:528 - Multi-source in Unit <BlockChecker> on signal <stack<11>>; this signal is connected to multiple drivers.
Drivers are: 
   Output signal of FD instance <stack_11>
   Signal <stack<11>> in Unit <BlockChecker> is assigned to GND

ERROR:Xst:528 - Multi-source in Unit <BlockChecker> on signal <stack<10>>; this signal is connected to multiple drivers.
Drivers are: 
   Output signal of FD instance <stack_10>
   Signal <stack<10>> in Unit <BlockChecker> is assigned to GND

ERROR:Xst:528 - Multi-source in Unit <BlockChecker> on signal <stack<9>>; this signal is connected to multiple drivers.
Drivers are: 
   Output signal of FD instance <stack_9>
   Signal <stack<9>> in Unit <BlockChecker> is assigned to GND

ERROR:Xst:528 - Multi-source in Unit <BlockChecker> on signal <stack<8>>; this signal is connected to multiple drivers.
Drivers are: 
   Output signal of FD instance <stack_8>
   Signal <stack<8>> in Unit <BlockChecker> is assigned to GND

ERROR:Xst:528 - Multi-source in Unit <BlockChecker> on signal <stack<7>>; this signal is connected to multiple drivers.
Drivers are: 
   Output signal of FD instance <stack_7>
   Signal <stack<7>> in Unit <BlockChecker> is assigned to GND

ERROR:Xst:528 - Multi-source in Unit <BlockChecker> on signal <stack<6>>; this signal is connected to multiple drivers.
Drivers are: 
   Output signal of FD instance <stack_6>
   Signal <stack<6>> in Unit <BlockChecker> is assigned to GND

ERROR:Xst:528 - Multi-source in Unit <BlockChecker> on signal <stack<5>>; this signal is connected to multiple drivers.
Drivers are: 
   Output signal of FD instance <stack_5>
   Signal <stack<5>> in Unit <BlockChecker> is assigned to GND

ERROR:Xst:528 - Multi-source in Unit <BlockChecker> on signal <stack<4>>; this signal is connected to multiple drivers.
Drivers are: 
   Output signal of FD instance <stack_4>
   Signal <stack<4>> in Unit <BlockChecker> is assigned to GND

ERROR:Xst:528 - Multi-source in Unit <BlockChecker> on signal <stack<3>>; this signal is connected to multiple drivers.
Drivers are: 
   Output signal of FD instance <stack_3>
   Signal <stack<3>> in Unit <BlockChecker> is assigned to GND

ERROR:Xst:528 - Multi-source in Unit <BlockChecker> on signal <stack<2>>; this signal is connected to multiple drivers.
Drivers are: 
   Output signal of FD instance <stack_2>
   Signal <stack<2>> in Unit <BlockChecker> is assigned to GND

ERROR:Xst:528 - Multi-source in Unit <BlockChecker> on signal <stack<1>>; this signal is connected to multiple drivers.
Drivers are: 
   Output signal of FD instance <stack_1>
   Signal <stack<1>> in Unit <BlockChecker> is assigned to GND

ERROR:Xst:528 - Multi-source in Unit <BlockChecker> on signal <stack<0>>; this signal is connected to multiple drivers.
Drivers are: 
   Output signal of FD instance <stack_0>
   Signal <stack<0>> in Unit <BlockChecker> is assigned to GND


Total REAL time to Xst completion: 9.00 secs
Total CPU time to Xst completion: 8.90 secs
 
--> 

Total memory usage is 4530160 kilobytes

Number of errors   :   22 (   0 filtered)
Number of warnings :    2 (   0 filtered)
Number of infos    :    4 (   0 filtered)

