--------------------------------------------------------------------------------
Release 14.7 Trace  (nt64)
Copyright (c) 1995-2013 Xilinx, Inc.  All rights reserved.

H:\ISE\14.7\ISE_DS\ISE\bin\nt64\unwrapped\trce.exe -intstyle ise -v 3 -s 4 -n 3
-fastpaths -xml ALU.twx ALU.ncd -o ALU.twr ALU.pcf

Design file:              ALU.ncd
Physical constraint file: ALU.pcf
Device,package,speed:     xa3s50,vqg100,-4 (PRODUCTION 1.39 2013-10-13)
Report level:             verbose report

Environment Variable      Effect 
--------------------      ------ 
NONE                      No environment variables were set
--------------------------------------------------------------------------------

INFO:Timing:2698 - No timing constraints found, doing default enumeration.
INFO:Timing:3412 - To improve timing, see the Timing Closure User Guide (UG612).
INFO:Timing:2752 - To get complete path coverage, use the unconstrained paths 
   option. All paths that are not constrained will be reported in the 
   unconstrained paths section(s) of the report.
INFO:Timing:3339 - The clock-to-out numbers in this timing report are based on 
   a 50 Ohm transmission line loading model.  For the details of this model, 
   and for more information on accounting for different loading conditions, 
   please see the device datasheet.
INFO:Timing:3390 - This architecture does not support a default System Jitter 
   value, please add SYSTEM_JITTER constraint to the UCF to modify the Clock 
   Uncertainty calculation.
INFO:Timing:3389 - This architecture does not support 'Discrete Jitter' and 
   'Phase Error' calculations, these terms will be zero in the Clock 
   Uncertainty calculation.  Please make appropriate modification to 
   SYSTEM_JITTER to account for the unsupported Discrete Jitter and Phase 
   Error.



Data Sheet report:
-----------------
All values displayed in nanoseconds (ns)

Pad to Pad
---------------+---------------+---------+
Source Pad     |Destination Pad|  Delay  |
---------------+---------------+---------+
inA<0>         |ans<0>         |    7.520|
inA<0>         |ans<1>         |    8.549|
inA<0>         |ans<2>         |    9.837|
inA<0>         |ans<3>         |   11.126|
inA<1>         |ans<1>         |    8.620|
inA<1>         |ans<2>         |    9.725|
inA<1>         |ans<3>         |   11.014|
inA<2>         |ans<2>         |    8.747|
inA<2>         |ans<3>         |   10.442|
inA<3>         |ans<3>         |   10.306|
inB<0>         |ans<0>         |    7.578|
inB<0>         |ans<1>         |    9.730|
inB<0>         |ans<2>         |    9.895|
inB<0>         |ans<3>         |   11.184|
inB<1>         |ans<1>         |    8.820|
inB<1>         |ans<2>         |    9.570|
inB<1>         |ans<3>         |   10.859|
inB<2>         |ans<2>         |    8.877|
inB<2>         |ans<3>         |   10.646|
inB<3>         |ans<3>         |   10.246|
op<0>          |ans<0>         |    7.767|
op<0>          |ans<1>         |   10.004|
op<0>          |ans<2>         |    9.388|
op<0>          |ans<3>         |    9.797|
op<1>          |ans<0>         |    7.593|
op<1>          |ans<1>         |    9.041|
op<1>          |ans<2>         |    9.013|
op<1>          |ans<3>         |   10.182|
---------------+---------------+---------+


Analysis completed Tue Sep 05 22:39:04 2023 
--------------------------------------------------------------------------------

Trace Settings:
-------------------------
Trace Settings 

Peak Memory Usage: 4494 MB



