Release 14.7 - xst P.20131013 (nt64)
Copyright (c) 1995-2013 Xilinx, Inc.  All rights reserved.
--> Parameter TMPDIR set to xst/projnav.tmp


Total REAL time to Xst completion: 0.00 secs
Total CPU time to Xst completion: 0.16 secs
 
--> Parameter xsthdpdir set to xst


Total REAL time to Xst completion: 0.00 secs
Total CPU time to Xst completion: 0.16 secs
 
--> Reading design: intcheck.prj

TABLE OF CONTENTS
  1) Synthesis Options Summary
  2) HDL Compilation
  3) Design Hierarchy Analysis
  4) HDL Analysis
  5) HDL Synthesis
     5.1) HDL Synthesis Report
  6) Advanced HDL Synthesis
     6.1) Advanced HDL Synthesis Report
  7) Low Level Synthesis
  8) Partition Report
  9) Final Report
	9.1) Device utilization summary
	9.2) Partition Resource Summary
	9.3) TIMING REPORT


=========================================================================
*                      Synthesis Options Summary                        *
=========================================================================
---- Source Parameters
Input File Name                    : "intcheck.prj"
Input Format                       : mixed
Ignore Synthesis Constraint File   : NO

---- Target Parameters
Output File Name                   : "intcheck"
Output Format                      : NGC
Target Device                      : xa3s50-4-vqg100

---- Source Options
Top Module Name                    : intcheck
Automatic FSM Extraction           : YES
FSM Encoding Algorithm             : Auto
Safe Implementation                : No
FSM Style                          : LUT
RAM Extraction                     : Yes
RAM Style                          : Auto
ROM Extraction                     : Yes
Mux Style                          : Auto
Decoder Extraction                 : YES
Priority Encoder Extraction        : Yes
Shift Register Extraction          : YES
Logical Shifter Extraction         : YES
XOR Collapsing                     : YES
ROM Style                          : Auto
Mux Extraction                     : Yes
Resource Sharing                   : YES
Asynchronous To Synchronous        : NO
Multiplier Style                   : Auto
Automatic Register Balancing       : No

---- Target Options
Add IO Buffers                     : YES
Global Maximum Fanout              : 100000
Add Generic Clock Buffer(BUFG)     : 8
Register Duplication               : YES
Slice Packing                      : YES
Optimize Instantiated Primitives   : NO
Use Clock Enable                   : Yes
Use Synchronous Set                : Yes
Use Synchronous Reset              : Yes
Pack IO Registers into IOBs        : Auto
Equivalent register Removal        : YES

---- General Options
Optimization Goal                  : Speed
Optimization Effort                : 1
Keep Hierarchy                     : No
Netlist Hierarchy                  : As_Optimized
RTL Output                         : Yes
Global Optimization                : AllClockNets
Read Cores                         : YES
Write Timing Constraints           : NO
Cross Clock Analysis               : NO
Hierarchy Separator                : /
Bus Delimiter                      : <>
Case Specifier                     : Maintain
Slice Utilization Ratio            : 100
BRAM Utilization Ratio             : 100
Verilog 2001                       : YES
Auto BRAM Packing                  : NO
Slice Utilization Ratio Delta      : 5

=========================================================================


=========================================================================
*                          HDL Compilation                              *
=========================================================================
Compiling verilog file "intcheck.v" in library work
Module <intcheck> compiled
No errors in compilation
Analysis of file <"intcheck.prj"> succeeded.
 

=========================================================================
*                     Design Hierarchy Analysis                         *
=========================================================================
Analyzing hierarchy for module <intcheck> in library <work>.


=========================================================================
*                            HDL Analysis                               *
=========================================================================
Analyzing top module <intcheck>.
Module <intcheck> is correct for synthesis.
 

=========================================================================
*                           HDL Synthesis                               *
=========================================================================

Performing bidirectional port resolution...

Synthesizing Unit <intcheck>.
    Related source file is "intcheck.v".
INFO:Xst:1799 - State 1000 is never reached in FSM <status>.
    Found finite state machine <FSM_0> for signal <status>.
    -----------------------------------------------------------------------
    | States             | 8                                              |
    | Transitions        | 156                                            |
    | Inputs             | 17                                             |
    | Outputs            | 8                                              |
    | Clock              | clk                       (rising_edge)        |
    | Reset              | status$and0000            (negative)           |
    | Reset type         | synchronous                                    |
    | Reset State        | 0000                                           |
    | Encoding           | automatic                                      |
    | Implementation     | LUT                                            |
    -----------------------------------------------------------------------
    Found 1-bit register for signal <out>.
    Found 4-bit register for signal <count>.
    Found 4-bit adder for signal <count$addsub0000> created at line 89.
    Found 8-bit register for signal <s0>.
    Found 8-bit register for signal <s1>.
    Found 8-bit register for signal <s2>.
    Found 8-bit comparator greatequal for signal <status$cmp_ge0000> created at line 73.
    Found 8-bit comparator greatequal for signal <status$cmp_ge0001> created at line 73.
    Found 8-bit comparator greatequal for signal <status$cmp_ge0002> created at line 84.
    Found 8-bit comparator lessequal for signal <status$cmp_le0000> created at line 73.
    Found 8-bit comparator lessequal for signal <status$cmp_le0001> created at line 73.
    Found 8-bit comparator lessequal for signal <status$cmp_le0002> created at line 84.
    Summary:
	inferred   1 Finite State Machine(s).
	inferred  29 D-type flip-flop(s).
	inferred   1 Adder/Subtractor(s).
	inferred   6 Comparator(s).
Unit <intcheck> synthesized.


=========================================================================
HDL Synthesis Report

Macro Statistics
# Adders/Subtractors                                   : 1
 4-bit adder                                           : 1
# Registers                                            : 5
 1-bit register                                        : 1
 4-bit register                                        : 1
 8-bit register                                        : 3
# Comparators                                          : 6
 8-bit comparator greatequal                           : 3
 8-bit comparator lessequal                            : 3

=========================================================================

=========================================================================
*                       Advanced HDL Synthesis                          *
=========================================================================

Analyzing FSM <FSM_0> for best encoding.
Optimizing FSM <status/FSM> on signal <status[1:3]> with gray encoding.
-------------------
 State | Encoding
-------------------
 0000  | 000
 0001  | 001
 0010  | 011
 0011  | 010
 0100  | 110
 0101  | 111
 0110  | 101
 0111  | 100
 1000  | unreached
-------------------

=========================================================================
Advanced HDL Synthesis Report

Macro Statistics
# FSMs                                                 : 1
# Adders/Subtractors                                   : 1
 4-bit adder                                           : 1
# Registers                                            : 29
 Flip-Flops                                            : 29
# Comparators                                          : 6
 8-bit comparator greatequal                           : 3
 8-bit comparator lessequal                            : 3

=========================================================================

=========================================================================
*                         Low Level Synthesis                           *
=========================================================================
WARNING:Xst:2677 - Node <s0_0> of sequential type is unconnected in block <intcheck>.
WARNING:Xst:2677 - Node <s0_1> of sequential type is unconnected in block <intcheck>.
WARNING:Xst:2677 - Node <s0_2> of sequential type is unconnected in block <intcheck>.
WARNING:Xst:2677 - Node <s0_3> of sequential type is unconnected in block <intcheck>.
WARNING:Xst:2677 - Node <s0_4> of sequential type is unconnected in block <intcheck>.
WARNING:Xst:2677 - Node <s0_5> of sequential type is unconnected in block <intcheck>.
WARNING:Xst:2677 - Node <s0_6> of sequential type is unconnected in block <intcheck>.
WARNING:Xst:2677 - Node <s0_7> of sequential type is unconnected in block <intcheck>.
WARNING:Xst:2677 - Node <count_0> of sequential type is unconnected in block <intcheck>.
WARNING:Xst:2677 - Node <count_1> of sequential type is unconnected in block <intcheck>.
WARNING:Xst:2677 - Node <count_2> of sequential type is unconnected in block <intcheck>.
WARNING:Xst:2677 - Node <count_3> of sequential type is unconnected in block <intcheck>.
WARNING:Xst:2677 - Node <s1_0> of sequential type is unconnected in block <intcheck>.
WARNING:Xst:2677 - Node <s1_1> of sequential type is unconnected in block <intcheck>.
WARNING:Xst:2677 - Node <s1_2> of sequential type is unconnected in block <intcheck>.
WARNING:Xst:2677 - Node <s1_3> of sequential type is unconnected in block <intcheck>.
WARNING:Xst:2677 - Node <s1_4> of sequential type is unconnected in block <intcheck>.
WARNING:Xst:2677 - Node <s1_5> of sequential type is unconnected in block <intcheck>.
WARNING:Xst:2677 - Node <s1_6> of sequential type is unconnected in block <intcheck>.
WARNING:Xst:2677 - Node <s1_7> of sequential type is unconnected in block <intcheck>.
WARNING:Xst:2677 - Node <s2_0> of sequential type is unconnected in block <intcheck>.
WARNING:Xst:2677 - Node <s2_1> of sequential type is unconnected in block <intcheck>.
WARNING:Xst:2677 - Node <s2_2> of sequential type is unconnected in block <intcheck>.
WARNING:Xst:2677 - Node <s2_3> of sequential type is unconnected in block <intcheck>.
WARNING:Xst:2677 - Node <s2_4> of sequential type is unconnected in block <intcheck>.
WARNING:Xst:2677 - Node <s2_5> of sequential type is unconnected in block <intcheck>.
WARNING:Xst:2677 - Node <s2_6> of sequential type is unconnected in block <intcheck>.
WARNING:Xst:2677 - Node <s2_7> of sequential type is unconnected in block <intcheck>.
WARNING:Xst:2677 - Node <status_FSM_FFd3> of sequential type is unconnected in block <intcheck>.
WARNING:Xst:2677 - Node <status_FSM_FFd1> of sequential type is unconnected in block <intcheck>.
WARNING:Xst:2677 - Node <status_FSM_FFd2> of sequential type is unconnected in block <intcheck>.

Optimizing unit <intcheck> ...

Mapping all equations...
Building and optimizing final netlist ...
Found area constraint ratio of 100 (+ 5) on block intcheck, actual ratio is 0.

Final Macro Processing ...

=========================================================================
Final Register Report

Macro Statistics
# Registers                                            : 1
 Flip-Flops                                            : 1

=========================================================================

=========================================================================
*                           Partition Report                            *
=========================================================================

Partition Implementation Status
-------------------------------

  No Partitions were found in this design.

-------------------------------

=========================================================================
*                            Final Report                               *
=========================================================================
Final Results
RTL Top Level Output File Name     : intcheck.ngr
Top Level Output File Name         : intcheck
Output Format                      : NGC
Optimization Goal                  : Speed
Keep Hierarchy                     : No

Design Statistics
# IOs                              : 11

Cell Usage :
# BELS                             : 1
#      VCC                         : 1
# FlipFlops/Latches                : 1
#      FDR                         : 1
# Clock Buffers                    : 1
#      BUFGP                       : 1
# IO Buffers                       : 1
#      OBUF                        : 1
=========================================================================

Device utilization summary:
---------------------------

Selected Device : xa3s50vqg100-4 

 Number of Slices:                        0  out of    768     0%  
 Number of IOs:                          11
 Number of bonded IOBs:                   2  out of     63     3%  
    IOB Flip Flops:                       1
 Number of GCLKs:                         1  out of      8    12%  

---------------------------
Partition Resource Summary:
---------------------------

  No Partitions were found in this design.

---------------------------


=========================================================================
TIMING REPORT

NOTE: THESE TIMING NUMBERS ARE ONLY A SYNTHESIS ESTIMATE.
      FOR ACCURATE TIMING INFORMATION PLEASE REFER TO THE TRACE REPORT
      GENERATED AFTER PLACE-and-ROUTE.

Clock Information:
------------------
-----------------------------------+------------------------+-------+
Clock Signal                       | Clock buffer(FF name)  | Load  |
-----------------------------------+------------------------+-------+
clk                                | BUFGP                  | 1     |
-----------------------------------+------------------------+-------+

Asynchronous Control Signals Information:
----------------------------------------
No asynchronous control signals found in this design

Timing Summary:
---------------
Speed Grade: -4

   Minimum period: No path found
   Minimum input arrival time before clock: No path found
   Maximum output required time after clock: 7.165ns
   Maximum combinational path delay: No path found

Timing Detail:
--------------
All values displayed in nanoseconds (ns)

=========================================================================
Timing constraint: Default OFFSET OUT AFTER for Clock 'clk'
  Total number of paths / destination ports: 1 / 1
-------------------------------------------------------------------------
Offset:              7.165ns (Levels of Logic = 1)
  Source:            out (FF)
  Destination:       out (PAD)
  Source Clock:      clk rising

  Data Path: out to out
                                Gate     Net
    Cell:in->out      fanout   Delay   Delay  Logical Name (Net Name)
    ----------------------------------------  ------------
     FDR:C->Q              1   0.720   0.801  out (out_OBUF)
     OBUF:I->O                 5.644          out_OBUF (out)
    ----------------------------------------
    Total                      7.165ns (6.364ns logic, 0.801ns route)
                                       (88.8% logic, 11.2% route)

=========================================================================


Total REAL time to Xst completion: 4.00 secs
Total CPU time to Xst completion: 4.57 secs
 
--> 

Total memory usage is 4529296 kilobytes

Number of errors   :    0 (   0 filtered)
Number of warnings :   31 (   0 filtered)
Number of infos    :    1 (   0 filtered)

